//
root@osboxes:/home/osboxes# parted -s /dev/md127 mklabel gpt


//
root@osboxes:/home/osboxes# parted /dev/md127 mkpart primary ext4 0% 20%
Information: You may need to update /etc/fstab.
root@osboxes:/home/osboxes# parted /dev/md127 mkpart primary ext4  20% 40%
Information: You may need to update /etc/fstab.
root@osboxes:/home/osboxes# parted /dev/md127 mkpart primary ext4 40% 60%
Information: You may need to update /etc/fstab.
root@osboxes:/home/osboxes# parted /dev/md127 mkpart primary ext4 60% 80%
Information: You may need to update /etc/fstab.
root@osboxes:/home/osboxes# parted /dev/md127 mkpart primary ext4 80% 100%
Information: You may need to update /etc/fstab.


// 
root@osboxes:/home/osboxes# lsblk
NAME          MAJ:MIN RM   SIZE RO TYPE   MOUNTPOINTS
sda             8:0    0   500G  0 disk
├─sda1          8:1    0 220.6G  0 part   /
├─sda2          8:2    0   7.5G  0 part   [SWAP]
└─sda3          8:3    0 271.9G  0 part   /home
sdb             8:16   0    10G  0 disk
├─sdb1          8:17   0     1G  0 part
│ └─md127       9:127  0   2.5G  0 raid10
│   ├─md127p1 259:1    0 507.5M  0 part
│   ├─md127p2 259:2    0 512.5M  0 part
│   ├─md127p3 259:3    0   510M  0 part
│   ├─md127p4 259:8    0 512.5M  0 part
│   └─md127p5 259:9    0 507.5M  0 part
├─sdb2          8:18   0     1G  0 part
│ └─md127       9:127  0   2.5G  0 raid10
│   ├─md127p1 259:1    0 507.5M  0 part
│   ├─md127p2 259:2    0 512.5M  0 part
│   ├─md127p3 259:3    0   510M  0 part
│   ├─md127p4 259:8    0 512.5M  0 part
│   └─md127p5 259:9    0 507.5M  0 part
├─sdb3          8:19   0     1G  0 part
│ └─md127       9:127  0   2.5G  0 raid10
│   ├─md127p1 259:1    0 507.5M  0 part
│   ├─md127p2 259:2    0 512.5M  0 part
│   ├─md127p3 259:3    0   510M  0 part
│   ├─md127p4 259:8    0 512.5M  0 part
│   └─md127p5 259:9    0 507.5M  0 part
├─sdb4          8:20   0     1G  0 part
│ └─md127       9:127  0   2.5G  0 raid10
│   ├─md127p1 259:1    0 507.5M  0 part
│   ├─md127p2 259:2    0 512.5M  0 part
│   ├─md127p3 259:3    0   510M  0 part
│   ├─md127p4 259:8    0 512.5M  0 part
│   └─md127p5 259:9    0 507.5M  0 part
└─sdb5          8:21   0     1G  0 part
  └─md127       9:127  0   2.5G  0 raid10
    ├─md127p1 259:1    0 507.5M  0 part
    ├─md127p2 259:2    0 512.5M  0 part
    ├─md127p3 259:3    0   510M  0 part
    ├─md127p4 259:8    0 512.5M  0 part
    └─md127p5 259:9    0 507.5M  0 part
sr0            11:0    1  57.4M  0 rom    /media/cdrom0


//
root@osboxes:/home/osboxes# for i in $(seq 1 5); do sudo mkfs.ext4 /dev/md127p$i;done
mke2fs 1.47.0 (5-Feb-2023)
Creating filesystem with 519680 1k blocks and 130048 inodes
Filesystem UUID: 523a6c06-1a4e-4cb8-8125-d72fc61585b6
Superblock backups stored on blocks:
        8193, 24577, 40961, 57345, 73729, 204801, 221185, 401409

Allocating group tables: done
Writing inode tables: done
Creating journal (8192 blocks): done
Writing superblocks and filesystem accounting information: done

mke2fs 1.47.0 (5-Feb-2023)
Creating filesystem with 131072 4k blocks and 32832 inodes
Filesystem UUID: 52703246-4f08-49c9-a607-9268a92ec643
Superblock backups stored on blocks:
        32768, 98304

Allocating group tables: done
Writing inode tables: done
Creating journal (4096 blocks): done
Writing superblocks and filesystem accounting information: done

mke2fs 1.47.0 (5-Feb-2023)
Creating filesystem with 522240 1k blocks and 130560 inodes
Filesystem UUID: 5dbe9a74-2c7c-4cd6-bb66-d5e65a98d3bd
Superblock backups stored on blocks:
        8193, 24577, 40961, 57345, 73729, 204801, 221185, 401409

Allocating group tables: done
Writing inode tables: done
Creating journal (8192 blocks): done
Writing superblocks and filesystem accounting information: done

mke2fs 1.47.0 (5-Feb-2023)
Creating filesystem with 131072 4k blocks and 32832 inodes
Filesystem UUID: 9fa7230d-bd69-4adb-b8e9-1c4ba1032d73
Superblock backups stored on blocks:
        32768, 98304

Allocating group tables: done
Writing inode tables: done
Creating journal (4096 blocks): done
Writing superblocks and filesystem accounting information: done

mke2fs 1.47.0 (5-Feb-2023)
Creating filesystem with 519680 1k blocks and 130048 inodes
Filesystem UUID: 234083ec-8212-4b63-90b9-395830c15dfd
Superblock backups stored on blocks:
        8193, 24577, 40961, 57345, 73729, 204801, 221185, 401409

Allocating group tables: done
Writing inode tables: done
Creating journal (8192 blocks): done
Writing superblocks and filesystem accounting information: done


//
root@osboxes:/home/osboxes# mkdir -p /raid/part1
root@osboxes:/home/osboxes# mkdir -p /raid/part2
root@osboxes:/home/osboxes# mkdir -p /raid/part3
root@osboxes:/home/osboxes# mkdir -p /raid/part4
root@osboxes:/home/osboxes# mkdir -p /raid/part5


//
root@osboxes:/raid/part1# for i in $(seq 1 5); do mount /dev/md
md/      md127    md127p1  md127p2  md127p3  md127p4  md127p5
root@osboxes:/raid/part1# for i in $(seq 1 5); do mount /dev/md127p$i /raid/part$i; done


//
root@osboxes:/raid/part1# lsblk
NAME          MAJ:MIN RM   SIZE RO TYPE   MOUNTPOINTS
sda             8:0    0   500G  0 disk
├─sda1          8:1    0 220.6G  0 part   /
├─sda2          8:2    0   7.5G  0 part   [SWAP]
└─sda3          8:3    0 271.9G  0 part   /home
sdb             8:16   0    10G  0 disk
├─sdb1          8:17   0     1G  0 part
│ └─md127       9:127  0   2.5G  0 raid10
│   ├─md127p1 259:1    0 507.5M  0 part   /raid/part1
│   ├─md127p2 259:2    0 512.5M  0 part   /raid/part2
│   ├─md127p3 259:3    0   510M  0 part   /raid/part3
│   ├─md127p4 259:8    0 512.5M  0 part   /raid/part4
│   └─md127p5 259:9    0 507.5M  0 part   /raid/part5
├─sdb2          8:18   0     1G  0 part
│ └─md127       9:127  0   2.5G  0 raid10
│   ├─md127p1 259:1    0 507.5M  0 part   /raid/part1
│   ├─md127p2 259:2    0 512.5M  0 part   /raid/part2
│   ├─md127p3 259:3    0   510M  0 part   /raid/part3
│   ├─md127p4 259:8    0 512.5M  0 part   /raid/part4
│   └─md127p5 259:9    0 507.5M  0 part   /raid/part5
├─sdb3          8:19   0     1G  0 part
│ └─md127       9:127  0   2.5G  0 raid10
│   ├─md127p1 259:1    0 507.5M  0 part   /raid/part1
│   ├─md127p2 259:2    0 512.5M  0 part   /raid/part2
│   ├─md127p3 259:3    0   510M  0 part   /raid/part3
│   ├─md127p4 259:8    0 512.5M  0 part   /raid/part4
│   └─md127p5 259:9    0 507.5M  0 part   /raid/part5
├─sdb4          8:20   0     1G  0 part
│ └─md127       9:127  0   2.5G  0 raid10
│   ├─md127p1 259:1    0 507.5M  0 part   /raid/part1
│   ├─md127p2 259:2    0 512.5M  0 part   /raid/part2
│   ├─md127p3 259:3    0   510M  0 part   /raid/part3
│   ├─md127p4 259:8    0 512.5M  0 part   /raid/part4
│   └─md127p5 259:9    0 507.5M  0 part   /raid/part5
└─sdb5          8:21   0     1G  0 part
  └─md127       9:127  0   2.5G  0 raid10
    ├─md127p1 259:1    0 507.5M  0 part   /raid/part1
    ├─md127p2 259:2    0 512.5M  0 part   /raid/part2
    ├─md127p3 259:3    0   510M  0 part   /raid/part3
    ├─md127p4 259:8    0 512.5M  0 part   /raid/part4
    └─md127p5 259:9    0 507.5M  0 part   /raid/part5
sr0            11:0    1  57.4M  0 rom    /media/cdrom0
